// Jest Snapshot v1, https://goo.gl/fbAQLP

exports[`src/components/elements/textfield render 1`] = `
<input
  className=" "
  placeholder="Placeholder..."
  width="200"
/>
`;
