// Jest Snapshot v1, https://goo.gl/fbAQLP

exports[`src/components/Typography render 1`] = `
<p
  className="   "
  tag="p"
  variant="body-1"
/>
`;
